common.test_ast
common.test_debug
common.test_lru
common.test_markup
common.test_struct
common.test_supervisor
common.test_taskgroup
common.test_term
common.test_typed
edb.cli.mng
edb.common.adapter
edb.common.ast.base
edb.common.ast.codegen
edb.common.ast.match
edb.common.ast.transformer
edb.common.ast.visitor
edb.common.colorsys
edb.common.compiler
edb.common.context
edb.common.debug
edb.common.devmode
edb.common.enum
edb.common.exceptions
edb.common.levenshtein
edb.common.lexer
edb.common.lru
edb.common.markup
edb.common.markup.elements.base
edb.common.markup.elements.lang
edb.common.markup.format
edb.common.markup.renderers.styles
edb.common.markup.renderers.terminal
edb.common.markup.serializer.base
edb.common.ordered
edb.common.parsing
edb.common.struct
edb.common.supervisor
edb.common.taskgroup
edb.common.term
edb.common.topological
edb.common.typed
edb.common.typeutils
edb.common.uuidgen
edb.common.vendor.typing_inspect
edb.edgeql.ast
edb.edgeql.codegen
edb.edgeql.compiler
edb.edgeql.compiler.astutils
edb.edgeql.compiler.cast
edb.edgeql.compiler.clauses
edb.edgeql.compiler.context
edb.edgeql.compiler.expr
edb.edgeql.compiler.func
edb.edgeql.compiler.inference.cardinality
edb.edgeql.compiler.inference.types
edb.edgeql.compiler.pathctx
edb.edgeql.compiler.polyres
edb.edgeql.compiler.schemactx
edb.edgeql.compiler.setgen
edb.edgeql.compiler.stmt
edb.edgeql.compiler.stmtctx
edb.edgeql.compiler.typegen
edb.edgeql.compiler.viewgen
edb.edgeql.declarative
edb.edgeql.parser
edb.edgeql.parser.grammar.commondl
edb.edgeql.parser.grammar.ddl
edb.edgeql.parser.grammar.expressions
edb.edgeql.parser.grammar.keywords
edb.edgeql.parser.grammar.lexer
edb.edgeql.parser.grammar.lexutils
edb.edgeql.parser.grammar.sdl
edb.edgeql.parser.grammar.tokens
edb.edgeql.parser.parser
edb.edgeql.qltypes
edb.edgeql.quote
edb.edgeql.tracer
edb.edgeql.utils
edb.errors.base
edb.ir.ast
edb.ir.pathid
edb.ir.scopetree
edb.ir.staeval
edb.ir.typeutils
edb.ir.utils
edb.repl
edb.repl.lexutils
edb.repl.render
edb.schema.annos
edb.schema.casts
edb.schema.constraints
edb.schema.ddl
edb.schema.delta
edb.schema.deltas
edb.schema.derivable
edb.schema.expr
edb.schema.functions
edb.schema.indexes
edb.schema.inheriting
edb.schema.links
edb.schema.lproperties
edb.schema.name
edb.schema.objects
edb.schema.objtypes
edb.schema.operators
edb.schema.ordering
edb.schema.pointers
edb.schema.pseudo
edb.schema.referencing
edb.schema.scalars
edb.schema.schema
edb.schema.sources
edb.schema.std
edb.schema.types
edb.schema.utils
edb.schema.views
edb.server.buildmeta
edb.server.cluster
edb.server.config
edb.server.config.ops
edb.server.config.spec
edb.server.config.types
edb.server.main
edb.testbase.http
edb.testbase.lang
edb.testbase.serutils
edb.testbase.server
edb.tools.test.decorators
edb.tools.test.loader
edb.tools.test.runner
edgedb.asyncio_con
edgedb.asyncio_pool
edgedb.base_con
edgedb.blocking_con
edgedb.con_utils
edgedb.connresource
edgedb.errors._base
edgedb.scram
edgedb.scram.saslprep
edgedb.transaction
test_api_errors
test_cli
test_constraints
test_database
test_deltas
test_edgeql_calls
test_edgeql_casts
test_edgeql_coalesce
test_edgeql_data_migration
test_edgeql_datatypes
test_edgeql_ddl
test_edgeql_delete
test_edgeql_enums
test_edgeql_expressions
test_edgeql_filter
test_edgeql_for
test_edgeql_functions
test_edgeql_group
test_edgeql_insert
test_edgeql_introspection
test_edgeql_ir_card_inference
test_edgeql_ir_pathid
test_edgeql_ir_scopetree
test_edgeql_json
test_edgeql_linkatoms
test_edgeql_linkprops
test_edgeql_scope
test_edgeql_select
test_edgeql_syntax
test_edgeql_sys
test_edgeql_tutorial
test_edgeql_update
test_edgeql_userddl
test_edgeql_views
test_edgeql_volatility
test_http_edgeql
test_http_graphql_mutation
test_http_graphql_query
test_http_graphql_schema
test_indexes
test_link_target_delete
test_repl
test_schema
test_schema_syntax
test_server_auth
test_server_config
test_server_proto
test_session
test_sourcecode
test_type_coverage
vendor.test_typing_inspect